// Jest Snapshot v1, https://goo.gl/fbAQLP

exports[`Home renders correctly 1`] = `
<div
  className="MuiContainer-root home MuiContainer-maxWidthLg"
>
  index
</div>
`;
