// Jest Snapshot v1, https://goo.gl/fbAQLP

exports[`SideMenu should render SideMenu 1`] = `null`;
