// Jest Snapshot v1, https://goo.gl/fbAQLP

exports[`TabPanel should render TabPanel 1`] = `
<div
  hidden={false}
  role="tabpanel"
>
  <input />
</div>
`;
