// Jest Snapshot v1, https://goo.gl/fbAQLP

exports[`AtheletesList should render AtheleteList 1`] = `
<ul
  className="MuiList-root MuiList-padding"
/>
`;
