// Jest Snapshot v1, https://goo.gl/fbAQLP

exports[`AtheleteDialog should render AtheleteDialog 1`] = `null`;
