// Jest Snapshot v1, https://goo.gl/fbAQLP

exports[`RemoveDialog should render RemoveDialog 1`] = `null`;
